Microchip MPLAB XC8 Compiler V2.50

Linker command line:

-W-3 \
  --edf=C:\Program Files\Microchip\xc8\v2.50\pic\dat\20240725155939_en.msgs \
  -cn \
  -h+dist/default/production\section3_interface_with_7seg.X.production.sym \
  --cmf=dist/default/production\section3_interface_with_7seg.X.production.cmf \
  -z -Q16F877A -oC:\Users\Asus\AppData\Local\Temp\xcAs1vo.\driver_tmp_3.o \
  --defsym=__MPLAB_BUILD=1 --fixupoverflow=error \
  -Mdist/default/production/section3_interface_with_7seg.X.production.map \
  --md=C:\Users\Asus\AppData\Local\Temp\xcAs1vo.\driver_tmp_0.dat -E1 \
  -ver=XC8 Compiler --acfsm=1493 -ACODE=00h-07FFhx4 -ASTRCODE=00h-01FFFh \
  -ASTRING=00h-0FFhx32 -ACONST=00h-0FFhx32 -AENTRY=00h-0FFhx32 \
  -ACOMMON=070h-07Fh -ABANK0=020h-06Fh -ABANK1=0A0h-0EFh \
  -ABANK2=0110h-016Fh -ABANK3=0190h-01EFh \
  -ARAM=020h-06Fh,0A0h-0EFh,0110h-016Fh,0190h-01EFh \
  -AABS1=020h-07Fh,0A0h-0EFh,0110h-016Fh,0190h-01EFh -ASFR0=00h-01Fh \
  -ASFR1=080h-09Fh -ASFR2=0100h-010Fh -ASFR3=0180h-018Fh \
  -ACONFIG=02007h-02007h -DCONFIG=2 -AIDLOC=02000h-02003h -DIDLOC=2 \
  -AEEDATA=00h-0FFh/02100h -peeprom_data=EEDATA -DEEDATA=2 -DCODE=2 \
  -DSTRCODE=2 -DSTRING=2 -DCONST=2 -DENTRY=2 \
  -preset_vec=00h,intentry=04h,sivt,init,end_init -ppowerup=CODE \
  -pcinit=CODE -pfunctab=ENTRY -k \
  C:\Users\Asus\AppData\Local\Temp\xcAs1vo.\driver_tmp_12.o \
  dist/default/production\section3_interface_with_7seg.X.production.o 

Object code version is 3.11

Machine type is 16F877A



                Name                               Link     Load   Length Selector   Space Scale
C:\Users\Asus\AppData\Local\Temp\xcAs1vo.\driver_tmp_12.o
                end_init                              E        E        3        8       0
                reset_vec                             0        0        3        0       0
                config                             2007     2007        1        0       4
dist/default/production\section3_interface_with_7seg.X.production.o
                cinit                                11       11       20        8       0
                intentry                              4        4        A        8       0
                config                             2007     2007        1        0       4
                text5                               147      147       57        8       0
                text4                                EF       EF       58        8       0
                text3                                31       31       65        8       0
                text2                                96       96       59        8       0
                text1                               19E      19E       55        8       0
                maintext                            1F3      1F3       16        8       0
                cstackBANK0                          34       34       10       20       1
                cstackCOMMON                         70       70        9       70       1
                inittext                            21D      21D       13        8       0
                dataBANK0                            20       20       14       20       1
                dataCOMMON                           7B       7B        2       70       1
                bssCOMMON                            79       79        2       70       1
                idataBANK0                          209      209       14        8       0
                idataCOMMON                         230      230        2        8       0

TOTAL           Name                               Link     Load   Length     Space
        CLASS   CODE           
                end_init                              E        E        3         0
                cinit                                11       11       20         0
                intentry                              4        4        A         0
                reset_vec                             0        0        3         0
                text5                               147      147       57         0
                text4                                EF       EF       58         0
                text3                                31       31       65         0
                text2                                96       96       59         0
                text1                               19E      19E       55         0
                maintext                            1F3      1F3       16         0
                inittext                            21D      21D       13         0
                idataBANK0                          209      209       14         0
                idataCOMMON                         230      230        2         0

        CLASS   STRCODE        

        CLASS   STRING         

        CLASS   CONST          

        CLASS   ENTRY          

        CLASS   COMMON         
                cstackCOMMON                         70       70        9         1
                dataCOMMON                           7B       7B        2         1
                bssCOMMON                            79       79        2         1

        CLASS   BANK0          
                cstackBANK0                          34       34       10         1
                dataBANK0                            20       20       14         1

        CLASS   BANK1          

        CLASS   BANK2          

        CLASS   BANK3          

        CLASS   RAM            

        CLASS   ABS1           
                abs_s1                               7E       7E        2         1

        CLASS   SFR0           

        CLASS   SFR1           

        CLASS   SFR2           

        CLASS   SFR3           

        CLASS   CONFIG         
                config                             2007     2007        1         4

        CLASS   IDLOC          

        CLASS   EEDATA         

        CLASS   HEAP           

        CLASS   STACK          



SEGMENTS        Name                           Load    Length   Top    Selector   Space  Class     Delta

                reset_vec                      000000  000003  000003         0       0  CODE        2
                intentry                       000004  00022E  000232         8       0  CODE        2
                dataBANK0                      000020  000024  000044        20       1  BANK0       1
                cstackCOMMON                   000070  00000D  00007D        70       1  COMMON      1


UNUSED ADDRESS RANGES

        Name                Unused          Largest block    Delta
        BANK0            0044-006F             2C           1
        BANK1            00A0-00EF             50           1
        BANK2            0110-016F             60           1
        BANK3            0190-01EF             60           1
        CODE             0003-0003              1           2
                         0232-1FFF            800
        COMMON           007D-007D              1           1
        CONST            0003-0003              1           2
                         0232-1FFF            100
        EEDATA           2100-21FF            100           2
        ENTRY            0003-0003              1           2
                         0232-1FFF            100
        IDLOC            2000-2003              4           2
        RAM              0044-006F             2C           1
                         00A0-00EF             50
                         0110-016F             60
                         0190-01EF             60
        SFR0             0000-001F             20           1
        SFR1             0080-009F             20           1
        SFR2             0100-010F             10           1
        SFR3             0180-018F             10           1
        STRCODE          0003-0003              1           2
                         0232-1FFF           1DCE
        STRING           0003-0003              1           2
                         0232-1FFF            100

                                  Symbol Table

?___awdiv                cstackBANK0  0034
?___awmod                cstackBANK0  0034
?i1___awmod              cstackCOMMON 0070
_GIE                     (abs)        005F
_ISR                     text4        00EF
_PORTD                   (abs)        0008
_PS0                     (abs)        0408
_PS1                     (abs)        0409
_PS2                     (abs)        040A
_PSA                     (abs)        040B
_RB0                     (abs)        0030
_RB1                     (abs)        0031
_RB2                     (abs)        0032
_RB3                     (abs)        0033
_T0CS                    (abs)        040D
_TMR0                    (abs)        0001
_TMR0IE                  (abs)        005D
_TMR0IF                  (abs)        005A
_TRISB0                  (abs)        0430
_TRISB1                  (abs)        0431
_TRISB2                  (abs)        0432
_TRISB3                  (abs)        0433
_TRISD                   (abs)        0088
__7seg                   dataBANK0    0020
__H__absolute__          __absolute__ 0000
__Habs1                  abs1         0000
__Hbank0                 bank0        0000
__Hbank1                 bank1        0000
__Hbank2                 bank2        0000
__Hbank3                 bank3        0000
__HbssCOMMON             bssCOMMON    0000
__Hcinit                 cinit        0031
__Hclrtext               clrtext      0000
__Hcode                  code         0000
__Hcommon                common       0000
__Hconfig                config       2008
__HcstackBANK0           cstackBANK0  0000
__HcstackCOMMON          cstackCOMMON 0000
__HdataBANK0             dataBANK0    0000
__HdataCOMMON            dataCOMMON   0000
__Heeprom_data           eeprom_data  0000
__Hend_init              end_init     0011
__Hfunctab               functab      0000
__Hheap                  heap         0000
__HidataBANK0            idataBANK0   0000
__HidataCOMMON           idataCOMMON  0000
__Hinit                  init         000E
__Hinittext              inittext     0000
__Hintentry              intentry     000E
__Hmaintext              maintext     0000
__Hpowerup               powerup      0000
__Hram                   ram          0000
__Hreset_vec             reset_vec    0003
__Hsfr0                  sfr0         0000
__Hsfr1                  sfr1         0000
__Hsfr2                  sfr2         0000
__Hsfr3                  sfr3         0000
__Hsivt                  sivt         000E
__Hspace_0               (abs)        0232
__Hspace_1               (abs)        007D
__Hspace_2               (abs)        0000
__Hspace_3               (abs)        0000
__Hspace_4               (abs)        400F
__Hstack                 stack        0000
__Hstrings               strings      0000
__Htext                  text         0000
__L__absolute__          __absolute__ 0000
__Labs1                  abs1         0000
__Lbank0                 bank0        0000
__Lbank1                 bank1        0000
__Lbank2                 bank2        0000
__Lbank3                 bank3        0000
__LbssCOMMON             bssCOMMON    0000
__Lcinit                 cinit        0011
__Lclrtext               clrtext      0000
__Lcode                  code         0000
__Lcommon                common       0000
__Lconfig                config       0000
__LcstackBANK0           cstackBANK0  0000
__LcstackCOMMON          cstackCOMMON 0000
__LdataBANK0             dataBANK0    0000
__LdataCOMMON            dataCOMMON   0000
__Leeprom_data           eeprom_data  0000
__Lend_init              end_init     000E
__Lfunctab               functab      0000
__Lheap                  heap         0000
__LidataBANK0            idataBANK0   0000
__LidataCOMMON           idataCOMMON  0000
__Linit                  init         000E
__Linittext              inittext     0000
__Lintentry              intentry     0004
__Lmaintext              maintext     0000
__Lpowerup               powerup      0000
__Lram                   ram          0000
__Lreset_vec             reset_vec    0000
__Lsfr0                  sfr0         0000
__Lsfr1                  sfr1         0000
__Lsfr2                  sfr2         0000
__Lsfr3                  sfr3         0000
__Lsivt                  sivt         000E
__Lspace_0               (abs)        0000
__Lspace_1               (abs)        0000
__Lspace_2               (abs)        0000
__Lspace_3               (abs)        0000
__Lspace_4               (abs)        0000
__Lstack                 stack        0000
__Lstrings               strings      0000
__Ltext                  text         0000
__S0                     (abs)        0232
__S1                     (abs)        007D
__S3                     (abs)        0000
___awdiv                 text3        0031
___awdiv@counter         cstackBANK0  0038
___awdiv@dividend        cstackBANK0  0036
___awdiv@divisor         cstackBANK0  0034
___awdiv@quotient        cstackBANK0  003A
___awdiv@sign            cstackBANK0  0039
___awmod                 text2        0096
___awmod@counter         cstackBANK0  0038
___awmod@dividend        cstackBANK0  0036
___awmod@divisor         cstackBANK0  0034
___awmod@sign            cstackBANK0  0039
___heap_hi               (abs)        0000
___heap_lo               (abs)        0000
___int_sp                stack        0000
___int_stack_hi          stack        0000
___int_stack_lo          stack        0000
___latbits               (abs)        0002
___sp                    stack        0000
___stack_hi              stack        0000
___stack_lo              stack        0000
___stackhi               (abs)        0000
___stacklo               (abs)        0000
__end_of_ISR             text4        0147
__end_of___awdiv         text3        0096
__end_of___awmod         text2        00EF
__end_of__initialization cinit        002D
__end_of_display         text1        01F3
__end_of_main            maintext     0209
__end_ofi1___awmod       text5        019E
__initialization         cinit        0011
__pbssCOMMON             bssCOMMON    0079
__pcstackBANK0           cstackBANK0  0034
__pcstackCOMMON          cstackCOMMON 0070
__pdataBANK0             dataBANK0    0020
__pdataCOMMON            dataCOMMON   007B
__pidataBANK0            idataBANK0   0209
__pidataCOMMON           idataCOMMON  0230
__pintentry              intentry     0004
__pmaintext              maintext     01F3
__ptext1                 text1        019E
__ptext2                 text2        0096
__ptext3                 text3        0031
__ptext4                 text4        00EF
__ptext5                 text5        0147
_count                   bssCOMMON    0079
_display                 text1        019E
_main                    maintext     01F3
_so                      dataCOMMON   007B
btemp                    (abs)        007E
display@chuc             cstackBANK0  0040
display@dovi             cstackBANK0  0042
display@so               cstackBANK0  003C
end_of_initialization    cinit        002D
i1___awmod               text5        0147
i1___awmod@counter       cstackCOMMON 0074
i1___awmod@dividend      cstackCOMMON 0072
i1___awmod@divisor       cstackCOMMON 0070
i1___awmod@sign          cstackCOMMON 0075
init_fetch0              inittext     021D
init_ram0                inittext     0221
interrupt_function       intentry     0004
intlevel0                functab      0000
intlevel1                functab      0000
intlevel2                functab      0000
intlevel3                functab      0000
intlevel4                functab      0000
intlevel5                functab      0000
reset_vec                reset_vec    0000
saved_w                  (abs)        007E
start                    init         000E
start_initialization     cinit        0011
wtemp0                   (abs)        007E


MODULE INFORMATION

Module		Function		Class		Link	Load	Size
C:\Program Files\Microchip\xc8\v2.50\pic\sources\c99\common\awmod.c
		___awmod       		CODE           	0096	0000	89

C:\Program Files\Microchip\xc8\v2.50\pic\sources\c99\common\awmod.c estimated size: 89

shared
		__initialization		CODE           	0011	0000	28
		i1___awmod     		CODE           	0147	0000	87

shared estimated size: 115

C:\Program Files\Microchip\xc8\v2.50\pic\sources\c99\common\awdiv.c
		___awdiv       		CODE           	0031	0000	101

C:\Program Files\Microchip\xc8\v2.50\pic\sources\c99\common\awdiv.c estimated size: 101

main.c
		_ISR           		CODE           	00EF	0000	88
		_display       		CODE           	019E	0000	85
		_main          		CODE           	01F3	0000	22

main.c estimated size: 195

