Microchip MPLAB XC8 Compiler V2.50

Linker command line:

-W-3 \
  --edf=C:\Program Files\Microchip\xc8\v2.50\pic\dat\20240725155939_en.msgs \
  -cn -h+dist/default/production\007_PWM_src.X.production.sym \
  --cmf=dist/default/production\007_PWM_src.X.production.cmf -z -Q16F877A \
  -oC:\Users\Asus\AppData\Local\Temp\xcAsqgg.\driver_tmp_3.o \
  --defsym=__MPLAB_BUILD=1 --fixupoverflow=error \
  -Mdist/default/production/007_PWM_src.X.production.map \
  --md=C:\Users\Asus\AppData\Local\Temp\xcAsqgg.\driver_tmp_0.dat -E1 \
  -ver=XC8 Compiler --acfsm=1493 -ACODE=00h-07FFhx4 -ASTRCODE=00h-01FFFh \
  -ASTRING=00h-0FFhx32 -ACONST=00h-0FFhx32 -AENTRY=00h-0FFhx32 \
  -ACOMMON=070h-07Fh -ABANK0=020h-06Fh -ABANK1=0A0h-0EFh \
  -ABANK2=0110h-016Fh -ABANK3=0190h-01EFh \
  -ARAM=020h-06Fh,0A0h-0EFh,0110h-016Fh,0190h-01EFh \
  -AABS1=020h-07Fh,0A0h-0EFh,0110h-016Fh,0190h-01EFh -ASFR0=00h-01Fh \
  -ASFR1=080h-09Fh -ASFR2=0100h-010Fh -ASFR3=0180h-018Fh \
  -ACONFIG=02007h-02007h -DCONFIG=2 -AIDLOC=02000h-02003h -DIDLOC=2 \
  -AEEDATA=00h-0FFh/02100h -peeprom_data=EEDATA -DEEDATA=2 -DCODE=2 \
  -DSTRCODE=2 -DSTRING=2 -DCONST=2 -DENTRY=2 \
  -preset_vec=00h,intentry,sivt,init,end_init -ppowerup=CODE -pcinit=CODE \
  -pfunctab=ENTRY -k \
  C:\Users\Asus\AppData\Local\Temp\xcAsqgg.\driver_tmp_12.o \
  dist/default/production\007_PWM_src.X.production.o 

Object code version is 3.11

Machine type is 16F877A



                Name                               Link     Load   Length Selector   Space Scale
C:\Users\Asus\AppData\Local\Temp\xcAsqgg.\driver_tmp_12.o
                end_init                              0        0        3        0       0
                config                             2007     2007        1        0       4
dist/default/production\007_PWM_src.X.production.o
                cinit                               7FC      7FC        4      FF8       0
                config                             2007     2007        1        0       4
                text8                               26A      26A      250      4D4       0
                text7                                A0       A0      1CA      140       0
                text6                                 3        3       27        0       0
                text5                               4BA      4BA      342      974       0
                text4                                2A       2A       76       54       0
                text3                               D74      D74       B4     1AE8       0
                text2                               E28      E28       C9     1C50       0
                text1                               EF1      EF1      10F     1DE2       0
                maintext                            D57      D57       1D     1AAE       0
                cstackBANK0                          20       20       4F       20       1
                cstackCOMMON                         70       70        E       70       1
                cstackBANK1                          A0       A0        C       A0       1
                nvBANK1                              AC       AC        8       A0       1

TOTAL           Name                               Link     Load   Length     Space
        CLASS   CODE           
                end_init                              0        0        3         0
                cinit                               7FC      7FC        4         0
                text8                               26A      26A      250         0
                text7                                A0       A0      1CA         0
                text6                                 3        3       27         0
                text5                               4BA      4BA      342         0
                text4                                2A       2A       76         0
                text3                               D74      D74       B4         0
                text2                               E28      E28       C9         0
                text1                               EF1      EF1      10F         0
                maintext                            D57      D57       1D         0

        CLASS   STRCODE        

        CLASS   STRING         

        CLASS   CONST          

        CLASS   ENTRY          

        CLASS   COMMON         
                cstackCOMMON                         70       70        E         1

        CLASS   BANK0          
                cstackBANK0                          20       20       4F         1

        CLASS   BANK1          
                cstackBANK1                          A0       A0        C         1
                nvBANK1                              AC       AC        8         1

        CLASS   BANK2          

        CLASS   BANK3          

        CLASS   RAM            

        CLASS   ABS1           
                abs_s1                               7E       7E        2         1

        CLASS   SFR0           

        CLASS   SFR1           

        CLASS   SFR2           

        CLASS   SFR3           

        CLASS   CONFIG         
                config                             2007     2007        1         4

        CLASS   IDLOC          

        CLASS   EEDATA         

        CLASS   HEAP           

        CLASS   STACK          



SEGMENTS        Name                           Load    Length   Top    Selector   Space  Class     Delta

                reset_vec                      000000  00002A  00002A         0       0  CODE        2
                cstackBANK0                    000020  00004F  00006F        20       1  BANK0       1
                text4                          00002A  000076  0000A0        54       0  CODE        2
                cstackCOMMON                   000070  00000E  00007E        70       1  COMMON      1
                cstackBANK1                    0000A0  000014  0000B4        A0       1  BANK1       1
                text7                          0000A0  0001CA  00026A       140       0  CODE        2
                text8                          00026A  000250  0004BA       4D4       0  CODE        2
                text5                          0004BA  000342  0007FC       974       0  CODE        2
                cinit                          0007FC  000004  000800       FF8       0  CODE        2
                maintext                       000D57  00001D  000D74      1AAE       0  CODE        2
                text3                          000D74  0000B4  000E28      1AE8       0  CODE        2
                text2                          000E28  0000C9  000EF1      1C50       0  CODE        2
                text1                          000EF1  00010F  001000      1DE2       0  CODE        2


UNUSED ADDRESS RANGES

        Name                Unused          Largest block    Delta
        BANK0            006F-006F              1           1
        BANK1            00B4-00EF             3C           1
        BANK2            0110-016F             60           1
        BANK3            0190-01EF             60           1
        CODE             0800-0D56            557           2
                         1000-1FFF            800
        CONST            0800-0D56            100           2
                         1000-1FFF            100
        EEDATA           2100-21FF            100           2
        ENTRY            0800-0D56            100           2
                         1000-1FFF            100
        IDLOC            2000-2003              4           2
        RAM              006F-006F              1           1
                         00B4-00EF             3C
                         0110-016F             60
                         0190-01EF             60
        SFR0             0000-001F             20           1
        SFR1             0080-009F             20           1
        SFR2             0100-010F             10           1
        SFR3             0180-018F             10           1
        STRCODE          0800-0D56            557           2
                         1000-1FFF           1000
        STRING           0800-0D56            100           2
                         1000-1FFF            100

                                  Symbol Table

?__Umul8_16                       cstackCOMMON 0070
?___fladd                         cstackBANK0  004F
?___fldiv                         cstackBANK0  0035
?___flmul                         cstackBANK0  0020
?___fltol                         cstackBANK0  0063
?___xxtofl                        cstackCOMMON 0070
_CCP1CONbits                      (abs)        0017
_CCPR1L                           (abs)        0015
_PR2                              (abs)        0092
_PWM_FREQ                         nvBANK1      00B0
_PWM_PERIOD                       nvBANK1      00AC
_T2CONbits                        (abs)        0012
_TMR2ON                           (abs)        0092
_TRISC2                           (abs)        043A
__H__absolute__                   __absolute__ 0000
__Habs1                           abs1         0000
__Hbank0                          bank0        0000
__Hbank1                          bank1        0000
__Hbank2                          bank2        0000
__Hbank3                          bank3        0000
__Hcinit                          cinit        0800
__Hclrtext                        clrtext      0000
__Hcode                           code         0000
__Hcommon                         common       0000
__Hconfig                         config       2008
__HcstackBANK0                    cstackBANK0  0000
__HcstackBANK1                    cstackBANK1  0000
__HcstackCOMMON                   cstackCOMMON 0000
__Heeprom_data                    eeprom_data  0000
__Hend_init                       end_init     0003
__Hfunctab                        functab      0000
__Hheap                           heap         0000
__Hinit                           init         0000
__Hintentry                       intentry     0000
__Hmaintext                       maintext     0000
__HnvBANK1                        nvBANK1      0000
__Hpowerup                        powerup      0000
__Hram                            ram          0000
__Hreset_vec                      reset_vec    0000
__Hsfr0                           sfr0         0000
__Hsfr1                           sfr1         0000
__Hsfr2                           sfr2         0000
__Hsfr3                           sfr3         0000
__Hsivt                           sivt         0000
__Hspace_0                        (abs)        1000
__Hspace_1                        (abs)        00B4
__Hspace_2                        (abs)        0000
__Hspace_3                        (abs)        0000
__Hspace_4                        (abs)        400F
__Hstack                          stack        0000
__Hstrings                        strings      0000
__Htext                           text         0000
__L__absolute__                   __absolute__ 0000
__Labs1                           abs1         0000
__Lbank0                          bank0        0000
__Lbank1                          bank1        0000
__Lbank2                          bank2        0000
__Lbank3                          bank3        0000
__Lcinit                          cinit        07FC
__Lclrtext                        clrtext      0000
__Lcode                           code         0000
__Lcommon                         common       0000
__Lconfig                         config       0000
__LcstackBANK0                    cstackBANK0  0000
__LcstackBANK1                    cstackBANK1  0000
__LcstackCOMMON                   cstackCOMMON 0000
__Leeprom_data                    eeprom_data  0000
__Lend_init                       end_init     0000
__Lfunctab                        functab      0000
__Lheap                           heap         0000
__Linit                           init         0000
__Lintentry                       intentry     0000
__Lmaintext                       maintext     0000
__LnvBANK1                        nvBANK1      0000
__Lpowerup                        powerup      0000
__Lram                            ram          0000
__Lreset_vec                      reset_vec    0000
__Lsfr0                           sfr0         0000
__Lsfr1                           sfr1         0000
__Lsfr2                           sfr2         0000
__Lsfr3                           sfr3         0000
__Lsivt                           sivt         0000
__Lspace_0                        (abs)        0000
__Lspace_1                        (abs)        0000
__Lspace_2                        (abs)        0000
__Lspace_3                        (abs)        0000
__Lspace_4                        (abs)        0000
__Lstack                          stack        0000
__Lstrings                        strings      0000
__Ltext                           text         0000
__S0                              (abs)        1000
__S1                              (abs)        00B4
__S3                              (abs)        0000
__Umul8_16                        text6        0003
__Umul8_16@multiplicand           cstackCOMMON 0070
__Umul8_16@multiplier             cstackCOMMON 0078
__Umul8_16@product                cstackCOMMON 0074
__Umul8_16@word_mpld              cstackCOMMON 0076
___fladd                          text8        026A
___fladd@a                        cstackBANK0  0053
___fladd@aexp                     cstackBANK0  0060
___fladd@b                        cstackBANK0  004F
___fladd@bexp                     cstackBANK0  0061
___fladd@grs                      cstackBANK0  0062
___fladd@signs                    cstackBANK0  005F
___fldiv                          text7        00A0
___fldiv@a                        cstackBANK0  0035
___fldiv@aexp                     cstackBANK0  004E
___fldiv@b                        cstackBANK0  0039
___fldiv@bexp                     cstackBANK0  004D
___fldiv@grs                      cstackBANK0  0049
___fldiv@new_exp                  cstackBANK0  0047
___fldiv@rem                      cstackBANK0  0042
___fldiv@sign                     cstackBANK0  0046
___flmul                          text5        04BA
___flmul@a                        cstackBANK0  0024
___flmul@aexp                     cstackBANK0  002D
___flmul@b                        cstackBANK0  0020
___flmul@bexp                     cstackBANK0  002E
___flmul@grs                      cstackBANK0  0029
___flmul@prod                     cstackBANK0  002F
___flmul@sign                     cstackBANK0  0028
___flmul@temp                     cstackBANK0  0033
___fltol                          text4        002A
___fltol@exp1                     cstackBANK0  006C
___fltol@f1                       cstackBANK0  0063
___fltol@sign1                    cstackBANK0  006B
___heap_hi                        (abs)        0000
___heap_lo                        (abs)        0000
___int_sp                         stack        0000
___int_stack_hi                   stack        0000
___int_stack_lo                   stack        0000
___latbits                        (abs)        0002
___sp                             stack        0000
___stack_hi                       stack        0000
___stack_lo                       stack        0000
___stackhi                        (abs)        0000
___stacklo                        (abs)        0000
___xxtofl                         text3        0D74
___xxtofl@arg                     cstackCOMMON 007A
___xxtofl@exp                     cstackCOMMON 0079
___xxtofl@sign                    cstackCOMMON 0078
___xxtofl@val                     cstackCOMMON 0070
__end_of__Umul8_16                text6        002A
__end_of___fladd                  text8        04BA
__end_of___fldiv                  text7        026A
__end_of___flmul                  text5        07FC
__end_of___fltol                  text4        00A0
__end_of___xxtofl                 text3        0E28
__end_of__initialization          cinit        07FC
__end_of_init_pwm                 text2        0EF1
__end_of_main                     maintext     0D74
__end_of_set_duty_cycle_percent   text1        1000
__initialization                  cinit        07FC
__pcstackBANK0                    cstackBANK0  0020
__pcstackBANK1                    cstackBANK1  00A0
__pcstackCOMMON                   cstackCOMMON 0070
__pmaintext                       maintext     0D57
__pnvBANK1                        nvBANK1      00AC
__ptext1                          text1        0EF1
__ptext2                          text2        0E28
__ptext3                          text3        0D74
__ptext4                          text4        002A
__ptext5                          text5        04BA
__ptext6                          text6        0003
__ptext7                          text7        00A0
__ptext8                          text8        026A
_init_pwm                         text2        0E28
_main                             maintext     0D57
_set_duty_cycle_percent           text1        0EF1
btemp                             (abs)        007E
end_of_initialization             cinit        07FC
init_pwm@PR2_value                cstackBANK1  00A0
init_pwm@f                        cstackBANK0  006D
intlevel0                         functab      0000
intlevel1                         functab      0000
intlevel2                         functab      0000
intlevel3                         functab      0000
intlevel4                         functab      0000
intlevel5                         functab      0000
reset_vec                         reset_vec    0000
set_duty_cycle_percent@dc         cstackBANK1  00A2
set_duty_cycle_percent@dc_period  cstackBANK1  00A6
set_duty_cycle_percent@duty_cycle cstackBANK0  006D
set_duty_cycle_percent@reg_value  cstackBANK1  00AA
start                             init         0000
start_initialization              cinit        07FC
wtemp0                            (abs)        007E


MODULE INFORMATION

Module		Function		Class		Link	Load	Size
C:\Program Files\Microchip\xc8\v2.50\pic\sources\c99\common\sprcmul.c
		___flmul       		CODE           	04BA	0000	834

C:\Program Files\Microchip\xc8\v2.50\pic\sources\c99\common\sprcmul.c estimated size: 834

C:\Program Files\Microchip\xc8\v2.50\pic\sources\c99\common\sprcdiv.c
		___fldiv       		CODE           	00A0	0000	458

C:\Program Files\Microchip\xc8\v2.50\pic\sources\c99\common\sprcdiv.c estimated size: 458

C:\Program Files\Microchip\xc8\v2.50\pic\sources\c99\common\xxtofl.c
		___xxtofl      		CODE           	0D74	0000	180

C:\Program Files\Microchip\xc8\v2.50\pic\sources\c99\common\xxtofl.c estimated size: 180

C:\Program Files\Microchip\xc8\v2.50\pic\sources\c99\common\Umul8_16.c
		__Umul8_16     		CODE           	0003	0000	39

C:\Program Files\Microchip\xc8\v2.50\pic\sources\c99\common\Umul8_16.c estimated size: 39

C:\Program Files\Microchip\xc8\v2.50\pic\sources\c99\common\sprcadd.c
		___fladd       		CODE           	026A	0000	592

C:\Program Files\Microchip\xc8\v2.50\pic\sources\c99\common\sprcadd.c estimated size: 592

shared
		__initialization		CODE           	07FC	0000	1

shared estimated size: 1

C:\Program Files\Microchip\xc8\v2.50\pic\sources\c99\common\fltol.c
		___fltol       		CODE           	002A	0000	118

C:\Program Files\Microchip\xc8\v2.50\pic\sources\c99\common\fltol.c estimated size: 118

main.c
		_main          		CODE           	0D57	0000	29
		_set_duty_cycle_percent		CODE           	0EF1	0000	271
		_init_pwm      		CODE           	0E28	0000	201

main.c estimated size: 501

