Microchip MPLAB XC8 Compiler V2.50

Linker command line:

-W-3 \
  --edf=C:\Program Files\Microchip\xc8\v2.50\pic\dat\20240725155939_en.msgs \
  -cn -h+dist/default/debug\007_PWM_src.X.debug.sym \
  --cmf=dist/default/debug\007_PWM_src.X.debug.cmf -z -Q16F877A \
  -oC:\Users\Asus\AppData\Local\Temp\xcAsvto.\driver_tmp_3.o \
  --defsym=__MPLAB_BUILD=1 --fixupoverflow=error \
  -Mdist/default/debug/007_PWM_src.X.debug.map \
  --md=C:\Users\Asus\AppData\Local\Temp\xcAsvto.\driver_tmp_0.dat -E1 \
  -ver=XC8 Compiler --acfsm=1493 -ACODE=00h-07FFhx4 -ASTRCODE=00h-01FFFh \
  -ASTRING=00h-0FFhx32 -ACONST=00h-0FFhx32 -AENTRY=00h-0FFhx32 \
  -ACOMMON=070h-07Fh -ABANK0=020h-06Fh -ABANK1=0A0h-0EFh \
  -ABANK2=0110h-016Fh -ABANK3=0190h-01EFh \
  -ARAM=020h-06Fh,0A0h-0EFh,0110h-016Fh,0190h-01EFh \
  -AABS1=020h-07Fh,0A0h-0EFh,0110h-016Fh,0190h-01EFh -ASFR0=00h-01Fh \
  -ASFR1=080h-09Fh -ASFR2=0100h-010Fh -ASFR3=0180h-018Fh \
  -ACONFIG=02007h-02007h -DCONFIG=2 -AIDLOC=02000h-02003h -DIDLOC=2 \
  -AEEDATA=00h-0FFh/02100h -peeprom_data=EEDATA -DEEDATA=2 -DCODE=2 \
  -DSTRCODE=2 -DSTRING=2 -DCONST=2 -DENTRY=2 \
  -preset_vec=00h,intentry,sivt,init,end_init -ppowerup=CODE -pcinit=CODE \
  -pfunctab=ENTRY -k \
  C:\Users\Asus\AppData\Local\Temp\xcAsvto.\driver_tmp_12.o \
  dist/default/debug\007_PWM_src.X.debug.o 

Object code version is 3.11

Machine type is 16F877A



                Name                               Link     Load   Length Selector   Space Scale
C:\Users\Asus\AppData\Local\Temp\xcAsvto.\driver_tmp_12.o
                end_init                              0        0        3        0       0
                config                             2007     2007        1        0       4
dist/default/debug\007_PWM_src.X.debug.o
                cinit                               7F4      7F4        C      FE8       0
                config                             2007     2007        1        0       4
                text9                                16       16      1CA       2C       0
                text8                               C5F      C5F       27     18BE       0
                text7                               4B2      4B2      342      964       0
                text6                               CEA      CEA       8C     19D4       0
                text5                               D76      D76       B6     1AEC       0
                text4                               EF3      EF3      10D     1DE6       0
                text3                               1E0      1E0      2D2      3C0       0
                text2                               C86      C86       64     190C       0
                text1                               E2C      E2C       C7     1C58       0
                maintext                            C45      C45       1A     188A       0
                cstackBANK0                          20       20       50       20       1
                cstackCOMMON                         70       70        E       70       1
                cstackBANK1                          A0       A0       1B       A0       1
                dataBANK1                            C3       C3        1       A0       1
                nvBANK1                              BB       BB        8       A0       1
                idataBANK1                           15       15        1       2A       0

TOTAL           Name                               Link     Load   Length     Space
        CLASS   CODE           
                end_init                              0        0        3         0
                cinit                               7F4      7F4        C         0
                text9                                16       16      1CA         0
                text8                               C5F      C5F       27         0
                text7                               4B2      4B2      342         0
                text6                               CEA      CEA       8C         0
                text5                               D76      D76       B6         0
                text4                               EF3      EF3      10D         0
                text3                               1E0      1E0      2D2         0
                text2                               C86      C86       64         0
                text1                               E2C      E2C       C7         0
                maintext                            C45      C45       1A         0
                idataBANK1                           15       15        1         0

        CLASS   STRCODE        

        CLASS   STRING         

        CLASS   CONST          

        CLASS   ENTRY          

        CLASS   COMMON         
                cstackCOMMON                         70       70        E         1

        CLASS   BANK0          
                cstackBANK0                          20       20       50         1

        CLASS   BANK1          
                cstackBANK1                          A0       A0       1B         1
                dataBANK1                            C3       C3        1         1
                nvBANK1                              BB       BB        8         1

        CLASS   BANK2          

        CLASS   BANK3          

        CLASS   RAM            

        CLASS   ABS1           
                abs_s1                               7E       7E        2         1

        CLASS   SFR0           

        CLASS   SFR1           

        CLASS   SFR2           

        CLASS   SFR3           

        CLASS   CONFIG         
                config                             2007     2007        1         4

        CLASS   IDLOC          

        CLASS   EEDATA         

        CLASS   HEAP           

        CLASS   STACK          



SEGMENTS        Name                           Load    Length   Top    Selector   Space  Class     Delta

                reset_vec                      000000  000003  000003         0       0  CODE        2
                cstackBANK0                    000020  000050  000070        20       1  BANK0       1
                idataBANK1                     000015  000001  000016        2A       0  CODE        2
                text9                          000016  0001CA  0001E0        2C       0  CODE        2
                cstackCOMMON                   000070  00000E  00007E        70       1  COMMON      1
                cstackBANK1                    0000A0  000024  0000C4        A0       1  BANK1       1
                text3                          0001E0  0002D2  0004B2       3C0       0  CODE        2
                text7                          0004B2  000342  0007F4       964       0  CODE        2
                cinit                          0007F4  00000C  000800       FE8       0  CODE        2
                maintext                       000C45  00001A  000C5F      188A       0  CODE        2
                text8                          000C5F  000027  000C86      18BE       0  CODE        2
                text2                          000C86  000064  000CEA      190C       0  CODE        2
                text6                          000CEA  00008C  000D76      19D4       0  CODE        2
                text5                          000D76  0000B6  000E2C      1AEC       0  CODE        2
                text1                          000E2C  0000C7  000EF3      1C58       0  CODE        2
                text4                          000EF3  00010D  001000      1DE6       0  CODE        2


UNUSED ADDRESS RANGES

        Name                Unused          Largest block    Delta
        BANK1            00C4-00EF             2C           1
        BANK2            0110-016F             60           1
        BANK3            0190-01EF             60           1
        CODE             0003-0014             12           2
                         0800-0C44            445
                         1000-1FFF            800
        CONST            0003-0014             12           2
                         0800-0C44            100
                         1000-1FFF            100
        EEDATA           2100-21FF            100           2
        ENTRY            0003-0014             12           2
                         0800-0C44            100
                         1000-1FFF            100
        IDLOC            2000-2003              4           2
        RAM              00C4-00EF             2C           1
                         0110-016F             60
                         0190-01EF             60
        SFR0             0000-001F             20           1
        SFR1             0080-009F             20           1
        SFR2             0100-010F             10           1
        SFR3             0180-018F             10           1
        STRCODE          0003-0014             12           2
                         0800-0C44            445
                         1000-1FFF           1000
        STRING           0003-0014             12           2
                         0800-0C44            100
                         1000-1FFF            100

                                  Symbol Table

?__Umul8_16                   cstackCOMMON 0070
?___fladd                     cstackBANK0  0062
?___fldiv                     cstackBANK0  0048
?___flmul                     cstackBANK0  002E
?___fltol                     cstackBANK1  00A8
?___lldiv                     cstackCOMMON 0070
?___xxtofl                    cstackBANK0  0020
PWM_SetDutyCycles@duty        cstackBANK1  00B8
PWM_SetDutyCycles@duty_period cstackBANK1  00B4
PWM_SetDutyCycles@tempreg     cstackBANK1  00B9
PWM_SetFreq@PR2_value         cstackBANK1  00B4
PWM_SetFreq@f_hz              cstackBANK1  00B0
_CCP1CONbits                  (abs)        0017
_CCPR1L                       (abs)        0015
_PR2                          (abs)        0092
_PWM_FREQ                     nvBANK1      00BF
_PWM_PERIOD                   nvBANK1      00BB
_PWM_SetDutyCycles            text4        0EF3
_PWM_SetFreq                  text1        0E2C
_T2CONbits                    (abs)        0012
_TMR2ON                       (abs)        0092
_TRISC2                       (abs)        043A
__H__absolute__               __absolute__ 0000
__Habs1                       abs1         0000
__Hbank0                      bank0        0000
__Hbank1                      bank1        0000
__Hbank2                      bank2        0000
__Hbank3                      bank3        0000
__Hcinit                      cinit        0800
__Hclrtext                    clrtext      0000
__Hcode                       code         0000
__Hcommon                     common       0000
__Hconfig                     config       2008
__HcstackBANK0                cstackBANK0  0000
__HcstackBANK1                cstackBANK1  0000
__HcstackCOMMON               cstackCOMMON 0000
__HdataBANK1                  dataBANK1    0000
__Heeprom_data                eeprom_data  0000
__Hend_init                   end_init     0003
__Hfunctab                    functab      0000
__Hheap                       heap         0000
__HidataBANK1                 idataBANK1   0000
__Hinit                       init         0000
__Hintentry                   intentry     0000
__Hmaintext                   maintext     0000
__HnvBANK1                    nvBANK1      0000
__Hpowerup                    powerup      0000
__Hram                        ram          0000
__Hreset_vec                  reset_vec    0000
__Hsfr0                       sfr0         0000
__Hsfr1                       sfr1         0000
__Hsfr2                       sfr2         0000
__Hsfr3                       sfr3         0000
__Hsivt                       sivt         0000
__Hspace_0                    (abs)        1000
__Hspace_1                    (abs)        00C4
__Hspace_2                    (abs)        0000
__Hspace_3                    (abs)        0000
__Hspace_4                    (abs)        400F
__Hstack                      stack        0000
__Hstrings                    strings      0000
__Htext                       text         0000
__L__absolute__               __absolute__ 0000
__Labs1                       abs1         0000
__Lbank0                      bank0        0000
__Lbank1                      bank1        0000
__Lbank2                      bank2        0000
__Lbank3                      bank3        0000
__Lcinit                      cinit        07F4
__Lclrtext                    clrtext      0000
__Lcode                       code         0000
__Lcommon                     common       0000
__Lconfig                     config       0000
__LcstackBANK0                cstackBANK0  0000
__LcstackBANK1                cstackBANK1  0000
__LcstackCOMMON               cstackCOMMON 0000
__LdataBANK1                  dataBANK1    0000
__Leeprom_data                eeprom_data  0000
__Lend_init                   end_init     0000
__Lfunctab                    functab      0000
__Lheap                       heap         0000
__LidataBANK1                 idataBANK1   0000
__Linit                       init         0000
__Lintentry                   intentry     0000
__Lmaintext                   maintext     0000
__LnvBANK1                    nvBANK1      0000
__Lpowerup                    powerup      0000
__Lram                        ram          0000
__Lreset_vec                  reset_vec    0000
__Lsfr0                       sfr0         0000
__Lsfr1                       sfr1         0000
__Lsfr2                       sfr2         0000
__Lsfr3                       sfr3         0000
__Lsivt                       sivt         0000
__Lspace_0                    (abs)        0000
__Lspace_1                    (abs)        0000
__Lspace_2                    (abs)        0000
__Lspace_3                    (abs)        0000
__Lspace_4                    (abs)        0000
__Lstack                      stack        0000
__Lstrings                    strings      0000
__Ltext                       text         0000
__S0                          (abs)        1000
__S1                          (abs)        00C4
__S3                          (abs)        0000
__Umul8_16                    text8        0C5F
__Umul8_16@multiplicand       cstackCOMMON 0070
__Umul8_16@multiplier         cstackCOMMON 0078
__Umul8_16@product            cstackCOMMON 0074
__Umul8_16@word_mpld          cstackCOMMON 0076
___fladd                      text3        01E0
___fladd@a                    cstackBANK0  0066
___fladd@aexp                 cstackBANK0  006B
___fladd@b                    cstackBANK0  0062
___fladd@bexp                 cstackBANK0  006C
___fladd@grs                  cstackBANK0  006D
___fladd@signs                cstackBANK0  006A
___fldiv                      text9        0016
___fldiv@a                    cstackBANK0  0048
___fldiv@aexp                 cstackBANK0  0061
___fldiv@b                    cstackBANK0  004C
___fldiv@bexp                 cstackBANK0  0060
___fldiv@grs                  cstackBANK0  005C
___fldiv@new_exp              cstackBANK0  005A
___fldiv@rem                  cstackBANK0  0055
___fldiv@sign                 cstackBANK0  0059
___flmul                      text7        04B2
___flmul@a                    cstackBANK0  0032
___flmul@aexp                 cstackBANK0  0040
___flmul@b                    cstackBANK0  002E
___flmul@bexp                 cstackBANK0  0041
___flmul@grs                  cstackBANK0  003C
___flmul@prod                 cstackBANK0  0042
___flmul@sign                 cstackBANK0  003B
___flmul@temp                 cstackBANK0  0046
___fltol                      text6        0CEA
___fltol@exp1                 cstackBANK0  006F
___fltol@f1                   cstackBANK1  00A8
___fltol@sign1                cstackBANK0  006E
___heap_hi                    (abs)        0000
___heap_lo                    (abs)        0000
___int_sp                     stack        0000
___int_stack_hi               stack        0000
___int_stack_lo               stack        0000
___latbits                    (abs)        0002
___lldiv                      text2        0C86
___lldiv@counter              cstackCOMMON 007D
___lldiv@dividend             cstackCOMMON 0074
___lldiv@divisor              cstackCOMMON 0070
___lldiv@quotient             cstackCOMMON 0079
___sp                         stack        0000
___stack_hi                   stack        0000
___stack_lo                   stack        0000
___stackhi                    (abs)        0000
___stacklo                    (abs)        0000
___xxtofl                     text5        0D76
___xxtofl@arg                 cstackBANK0  002A
___xxtofl@exp                 cstackBANK0  0029
___xxtofl@sign                cstackBANK0  0028
___xxtofl@val                 cstackBANK0  0020
__end_of_PWM_SetDutyCycles    text4        1000
__end_of_PWM_SetFreq          text1        0EF3
__end_of__Umul8_16            text8        0C86
__end_of___fladd              text3        04B2
__end_of___fldiv              text9        01E0
__end_of___flmul              text7        07F4
__end_of___fltol              text6        0D76
__end_of___lldiv              text2        0CEA
__end_of___xxtofl             text5        0E2C
__end_of__initialization      cinit        07FC
__end_of_main                 maintext     0C5F
__initialization              cinit        07F4
__pcstackBANK0                cstackBANK0  0020
__pcstackBANK1                cstackBANK1  00A0
__pcstackCOMMON               cstackCOMMON 0070
__pdataBANK1                  dataBANK1    00C3
__pidataBANK1                 idataBANK1   0015
__pmaintext                   maintext     0C45
__pnvBANK1                    nvBANK1      00BB
__ptext1                      text1        0E2C
__ptext2                      text2        0C86
__ptext3                      text3        01E0
__ptext4                      text4        0EF3
__ptext5                      text5        0D76
__ptext6                      text6        0CEA
__ptext7                      text7        04B2
__ptext8                      text8        0C5F
__ptext9                      text9        0016
_main                         maintext     0C45
btemp                         (abs)        007E
end_of_initialization         cinit        07FC
intlevel0                     functab      0000
intlevel1                     functab      0000
intlevel2                     functab      0000
intlevel3                     functab      0000
intlevel4                     functab      0000
intlevel5                     functab      0000
reset_vec                     reset_vec    0000
start                         init         0000
start_initialization          cinit        07F4
wtemp0                        (abs)        007E


MODULE INFORMATION

Module		Function		Class		Link	Load	Size
C:\Program Files\Microchip\xc8\v2.50\pic\sources\c99\common\sprcmul.c
		___flmul       		CODE           	04B2	0000	834

C:\Program Files\Microchip\xc8\v2.50\pic\sources\c99\common\sprcmul.c estimated size: 834

C:\Program Files\Microchip\xc8\v2.50\pic\sources\c99\common\sprcdiv.c
		___fldiv       		CODE           	0016	0000	458

C:\Program Files\Microchip\xc8\v2.50\pic\sources\c99\common\sprcdiv.c estimated size: 458

C:\Program Files\Microchip\xc8\v2.50\pic\sources\c99\common\__lldiv.c
		___lldiv       		CODE           	0C86	0000	100

C:\Program Files\Microchip\xc8\v2.50\pic\sources\c99\common\__lldiv.c estimated size: 100

C:\Program Files\Microchip\xc8\v2.50\pic\sources\c99\common\xxtofl.c
		___xxtofl      		CODE           	0D76	0000	182

C:\Program Files\Microchip\xc8\v2.50\pic\sources\c99\common\xxtofl.c estimated size: 182

C:\Program Files\Microchip\xc8\v2.50\pic\sources\c99\common\Umul8_16.c
		__Umul8_16     		CODE           	0C5F	0000	39

C:\Program Files\Microchip\xc8\v2.50\pic\sources\c99\common\Umul8_16.c estimated size: 39

C:\Program Files\Microchip\xc8\v2.50\pic\sources\c99\common\sprcadd.c
		___fladd       		CODE           	01E0	0000	722

C:\Program Files\Microchip\xc8\v2.50\pic\sources\c99\common\sprcadd.c estimated size: 722

shared
		__initialization		CODE           	07F4	0000	8

shared estimated size: 8

C:\Program Files\Microchip\xc8\v2.50\pic\sources\c99\common\fltol.c
		___fltol       		CODE           	0CEA	0000	140

C:\Program Files\Microchip\xc8\v2.50\pic\sources\c99\common\fltol.c estimated size: 140

main.c
		_PWM_SetFreq   		CODE           	0E2C	0000	199
		_main          		CODE           	0C45	0000	26
		_PWM_SetDutyCycles		CODE           	0EF3	0000	269

main.c estimated size: 494

